// Jest Snapshot v1, https://goo.gl/fbAQLP

exports[`Input component renders Input 1`] = `
<DocumentFragment>
  <form>
    <input
      placeholder="GitHub Username"
    />
    <button>
      Submit
    </button>
  </form>
</DocumentFragment>
`;
